// Jest Snapshot v1, https://jestjs.io/docs/snapshot-testing

exports[`NavBar should render the Nav bar user would see 1`] = `
<DocumentFragment>
  <nav
    aria-label="Navigation bar"
    class="bg-white w-full border-b md:static border-(--color-accent) "
    role="navigation"
  >
    <div
      class="items-center justify-center px-4 max-w-screen-xl mx-auto md:flex md:px-8"
    >
      <div
        class="flex items-center justify-center py-2 md:py-5 md:block"
      >
        <header>
          <a
            class="text-black font-bold text-lg"
            href="/"
          >
            BioMed
          </a>
        </header>
      </div>
    </div>
  </nav>
</DocumentFragment>
`;
